// Jest Snapshot v1, https://goo.gl/fbAQLP

exports[`Home Component Matches SnapShot 1`] = `
<div
  className="MuiContainer-root makeStyles-container-25 MuiContainer-maxWidthLg"
  data-testid="mainComponent"
>
  <div
    className="MuiTypography-root makeStyles-newCar-26 MuiTypography-body1"
  >
    <div
      className="MuiFormControl-root MuiTextField-root"
      data-testid="inputField"
    >
      <label
        className="MuiFormLabel-root MuiInputLabel-root MuiInputLabel-formControl MuiInputLabel-animated"
        data-shrink={false}
        htmlFor="standard-basic"
        id="standard-basic-label"
      >
        Astorid-Id
      </label>
      <div
        className="MuiInputBase-root MuiInput-root MuiInput-underline MuiInputBase-formControl MuiInput-formControl"
        onClick={[Function]}
      >
        <input
          aria-invalid={false}
          autoFocus={false}
          className="MuiInputBase-input MuiInput-input"
          disabled={false}
          id="standard-basic"
          onAnimationStart={[Function]}
          onBlur={[Function]}
          onChange={[Function]}
          onFocus={[Function]}
          required={false}
          type="text"
          value=""
        />
      </div>
    </div>
    <button
      className="MuiButtonBase-root MuiButton-root MuiButton-contained makeStyles-button-27 MuiButton-containedPrimary Mui-disabled Mui-disabled"
      data-testid="buttonTest"
      disabled={true}
      onBlur={[Function]}
      onClick={[Function]}
      onDragLeave={[Function]}
      onFocus={[Function]}
      onKeyDown={[Function]}
      onKeyUp={[Function]}
      onMouseDown={[Function]}
      onMouseLeave={[Function]}
      onMouseUp={[Function]}
      onTouchEnd={[Function]}
      onTouchMove={[Function]}
      onTouchStart={[Function]}
      tabIndex={-1}
      type="button"
    >
      <span
        className="MuiButton-label"
      >
        Search Astorid
      </span>
    </button>
    <button
      className="MuiButtonBase-root MuiButton-root MuiButton-contained makeStyles-button-27 MuiButton-containedPrimary"
      data-testid="randomButtonTest"
      disabled={false}
      onBlur={[Function]}
      onClick={[Function]}
      onDragLeave={[Function]}
      onFocus={[Function]}
      onKeyDown={[Function]}
      onKeyUp={[Function]}
      onMouseDown={[Function]}
      onMouseLeave={[Function]}
      onMouseUp={[Function]}
      onTouchEnd={[Function]}
      onTouchMove={[Function]}
      onTouchStart={[Function]}
      tabIndex={0}
      type="button"
    >
      <span
        className="MuiButton-label"
      >
        Random Astorid
      </span>
    </button>
  </div>
</div>
`;
